// Jest Snapshot v1, https://goo.gl/fbAQLP

exports[`Form should match the snapshot 1`] = `
<form>
  <input
    id="name"
    onChange={[Function]}
    placeholder="Name"
    type="text"
    value=""
  />
  <input
    id="date"
    onChange={[Function]}
    placeholder="Date (mm/dd)"
    type="text"
    value=""
  />
  <input
    id="time"
    onChange={[Function]}
    placeholder="Time"
    type="text"
    value=""
  />
  <input
    id="number"
    onChange={[Function]}
    placeholder="Number of guests"
    type="number"
    value=""
  />
  <button
    onClick={[Function]}
    type="button"
  >
    Make Reservation
  </button>
</form>
`;
